<html>
<body>
<pre>
<h1>µVision Build Log</h1>
<h2>Tool Versions:</h2>
IDE-Version: ÂµVision V5.39.0.0
Copyright (C) 2023 ARM Ltd and ARM Germany GmbH. All rights reserved.
License Information: Jannick Alder, ZHAW, LIC=----
 
Tool Versions:
Toolchain:       MDK-Lite  Version: 5.39.0.0
Toolchain Path:  C:\Keil\ARM\ARMCLANG\Bin
C Compiler:      ArmClang.exe V6.21
Assembler:       Armasm.exe V6.21
Linker/Locator:  ArmLink.exe V6.21
Library Manager: ArmAr.exe V6.21
Hex Converter:   FromElf.exe V6.21
CPU DLL:         SARMCM3.DLL V5.39.0.0
Dialog DLL:      DARMCM1.DLL V1.19.6.0
Target DLL:      UL2CM3.DLL V1.164.9.0
Dialog DLL:      TARMCM1.DLL V1.14.6.0
 
<h2>Project:</h2>
C:\Users\janni\Documents\Obsidian\SeBrain\2 Projects\Studium\Semester 3\CT1\07_Praktika\Praktikum 10\Lab10 - linker_lab.uvprojx
Project File Date:  11/29/2023

<h2>Output:</h2>
*** Using Compiler 'V6.21', folder: 'C:\Keil\ARM\ARMCLANG\Bin'
Build Project 'Lab10 - linker_lab' - Target 'Target 1'
compiling main.c...
compiling hal_fmc.c...
compiling toggle.c...
compiling system_ctboard.c...
compiling hal_gpio.c...
assembling datainit_ctboard.s...
assembling startup_ctboard.s...
compiling hal_pwr.c...
compiling hal_rcc.c...
linking...
Program Size: Code=4748 RO-data=980 RW-data=4 ZI-data=8200  
".\Objects\linker_lab.axf" - 0 Error(s), 0 Warning(s).

<h2>Software Packages used:</h2>

Package Vendor: InES
                https://ennis.zhaw.ch/pack/InES.CTBoard14_DFP.4.0.4.pack
                InES::CTBoard14_DFP@4.0.4
                CT Board 14 (STM32F429ZI) Device Support
   * Component: Startup Version: 4.0.4
   * Component: FMC Version: 4.0.4
   * Component: GPIO Version: 4.0.4
   * Component: PWR Version: 4.0.4
   * Component: RCC Version: 4.0.4

<h2>Collection of Component include folders:</h2>
  ./RTE/_Target_1
  C:/Users/janni/AppData/Local/Arm/Packs/InES/CTBoard14_DFP/4.0.4/Device/Include
  C:/Users/janni/AppData/Local/Arm/Packs/InES/CTBoard14_DFP/4.0.4/Device/Include/m0
  C:/Users/janni/AppData/Local/Arm/Packs/InES/CTBoard14_DFP/4.0.4/HAL/Include

<h2>Collection of Component Files used:</h2>

   * Component: InES::Device:Startup@4.0.4
      Include file:  Device/Include/m0/platform_ctboard.h
      Include file:  Device/Include/reg_stm32f4xx.h
      Include file:  Device/Include/reg_ctboard.h
      Include file:  Device/Include/system_ctboard.h
      Source file:   Device/Source/startup_ctboard.s
      Source file:   Device/Source/datainit_ctboard.s
      Source file:   Device/Source/system_ctboard.c

   * Component: InES::HAL:FMC@4.0.4
      Include file:  Device/Include/reg_stm32f4xx.h
      Include file:  HAL/Include/hal_fmc.h
      Include file:  HAL/Include/hal_common.h
      Source file:   HAL/Source/hal_fmc.c

   * Component: InES::HAL:GPIO@4.0.4
      Include file:  HAL/Include/hal_gpio.h
      Include file:  Device/Include/reg_stm32f4xx.h
      Include file:  HAL/Include/hal_common.h
      Source file:   HAL/Source/hal_gpio.c

   * Component: InES::HAL:PWR@4.0.4
      Include file:  HAL/Include/hal_common.h
      Include file:  HAL/Include/hal_pwr.h
      Source file:   HAL/Source/hal_pwr.c
      Include file:  Device/Include/reg_stm32f4xx.h

   * Component: InES::HAL:RCC@4.0.4
      Source file:   HAL/Source/hal_rcc.c
      Include file:  HAL/Include/hal_rcc.h
      Include file:  Device/Include/reg_stm32f4xx.h
      Include file:  HAL/Include/hal_common.h
Build Time Elapsed:  00:00:01
</pre>
</body>
</html>
