<html>
<body>
<pre>
<h1>µVision Build Log</h1>
<h2>Tool Versions:</h2>
IDE-Version: µVision V5.38.0.0
Copyright (C) 2022 ARM Ltd and ARM Germany GmbH. All rights reserved.
License Information: Jannick Alder, ZHAW, LIC=----
 
Tool Versions:
Toolchain:       MDK-Lite  Version: 5.38.0.0
Toolchain Path:  C:\Program Files\Keil\ARM\ARMCLANG\Bin
C Compiler:      ArmClang.exe V6.19
Assembler:       Armasm.exe V6.19
Linker/Locator:  ArmLink.exe V6.19
Library Manager: ArmAr.exe V6.19
Hex Converter:   FromElf.exe V6.19
CPU DLL:         SARMCM3.DLL V5.38.0.0
Dialog DLL:      DCM.DLL V1.17.5.0
Target DLL:      STLink\ST-LINKIII-KEIL_SWO.dll V3.1.0.0
Dialog DLL:      TCM.DLL V1.56.4.0
 
<h2>Project:</h2>
C:\Users\janni\OneDrive - ZHAW\Dokumente\01 Studium\Semester_3\CT1\07_Praktika\Praktikum 9\assembler und c\9 Assembler und C.uvprojx
Project File Date:  11/22/2023

<h2>Output:</h2>
*** Using Compiler 'V6.19', folder: 'C:\Program Files\Keil\ARM\ARMCLANG\Bin'
Build Project '9 Assembler und C' - Target 'Target 1'
assembling io.s...
linking...
Program Size: Code=4202 RO-data=922 RW-data=0 ZI-data=8192  
".\9 Assembler und C.axf" - 0 Error(s), 0 Warning(s).

<h2>Software Packages used:</h2>

Package Vendor: InES
                https://ennis.zhaw.ch/pack/InES.CTBoard14_DFP.4.0.4.pack
                InES.CTBoard14_DFP.4.0.4
                CT Board 14 (STM32F429ZI) Device Support
   * Component: Startup Version: 4.0.4
   * Component: FMC Version: 4.0.4
   * Component: GPIO Version: 4.0.4
   * Component: PWR Version: 4.0.4
   * Component: RCC Version: 4.0.4

<h2>Collection of Component include folders:</h2>
  ./RTE/_Target_1
  C:/Users/janni/AppData/Local/Arm/Packs/InES/CTBoard14_DFP/4.0.4/Device/Include
  C:/Users/janni/AppData/Local/Arm/Packs/InES/CTBoard14_DFP/4.0.4/Device/Include/m4
  C:/Users/janni/AppData/Local/Arm/Packs/InES/CTBoard14_DFP/4.0.4/HAL/Include

<h2>Collection of Component Files used:</h2>

   * Component: InES::Device:Startup:4.0.4
      Include file:  Device/Include/reg_stm32f4xx.h
      Include file:  Device/Include/m4/platform_ctboard.h
      Include file:  Device/Include/system_ctboard.h
      Source file:   Device/Source/datainit_ctboard.s
      Include file:  Device/Include/reg_ctboard.h
      Source file:   Device/Source/startup_ctboard.s
      Source file:   Device/Source/system_ctboard.c

   * Component: InES::HAL:FMC:4.0.4
      Include file:  HAL/Include/hal_common.h
      Include file:  Device/Include/reg_stm32f4xx.h
      Include file:  HAL/Include/hal_fmc.h
      Source file:   HAL/Source/hal_fmc.c

   * Component: InES::HAL:GPIO:4.0.4
      Include file:  HAL/Include/hal_gpio.h
      Include file:  Device/Include/reg_stm32f4xx.h
      Source file:   HAL/Source/hal_gpio.c
      Include file:  HAL/Include/hal_common.h

   * Component: InES::HAL:PWR:4.0.4
      Include file:  HAL/Include/hal_common.h
      Source file:   HAL/Source/hal_pwr.c
      Include file:  Device/Include/reg_stm32f4xx.h
      Include file:  HAL/Include/hal_pwr.h

   * Component: InES::HAL:RCC:4.0.4
      Include file:  HAL/Include/hal_common.h
      Include file:  HAL/Include/hal_rcc.h
      Include file:  Device/Include/reg_stm32f4xx.h
      Source file:   HAL/Source/hal_rcc.c
Build Time Elapsed:  00:00:01
</pre>
</body>
</html>
